// Jest Snapshot v1, https://goo.gl/fbAQLP

exports[`test snapshots for all components renders Profile correctly 1`] = `
<div>
  <div
    className="myProfile-container"
  >
    <div
      className="mission-item"
    >
      <h3>
         My Missions
      </h3>
      <h6 />
    </div>
    <div>
      <h3>
        My Rockets
      </h3>
      <div
        className="reserved-container"
      />
    </div>
  </div>
</div>
`;

exports[`test snapshots for all components renders rocket page correctly 1`] = `
<div
  className="rocket-container"
/>
`;

exports[`test snapshots for all components renders single rocket correctly 1`] = `
<article
  className="rocket-card"
>
  <div
    className="img-box"
  >
    <img
      alt="rocket"
    />
  </div>
  <div
    className="text-box"
  >
    <h2 />
    <p>
       
    </p>
    <button
      onClick={[Function]}
      style={
        Object {
          "transition": "all 0.3s",
        }
      }
      type="button"
    >
      Reserve Rocket
    </button>
  </div>
</article>
`;
