// Jest Snapshot v1, https://goo.gl/fbAQLP

exports[`test snapshots for all components renders Profile correctly 1`] = `
<div>
  <div
    className="myProfile-container"
  >
    <div
      className="mission-item"
    >
      <h3>
         My Missions
      </h3>
      <h6 />
    </div>
    <div>
      <h3>
        My Rockets
      </h3>
      <div
        className="reserved-container"
      />
    </div>
  </div>
</div>
`;

exports[`test snapshots for all components renders mission page correctly 1`] = `
Array [
  <div
    className="mission-container"
  >
    <h4>
       Mission
    </h4>
    <h4>
       Description
    </h4>
    <h4>
       Status
    </h4>
    <div />
  </div>,
  <div />,
]
`;

exports[`test snapshots for all components renders rocket page correctly 1`] = `
<div
  className="rocket-container"
/>
`;

exports[`test snapshots for all components renders single mission correctly 1`] = `
<div>
  <div
    className="mission-container"
  >
    <div
      className="mission-head item"
    />
    <div
      className="description item"
    />
    <div
      className="status item"
    >
      <button
        style={
          Object {
            "backgroundColor": "grey",
            "border": "none",
            "borderRadius": "4px",
            "color": "rgb(240, 240, 240)",
            "cursor": "pointer",
            "fontSize": "0.91rem",
            "padding": "10px 15px",
          }
        }
        type="button"
      >
        Not A Member
      </button>
    </div>
    <div
      className="join-mission item"
    >
      <button
        className="join-mission-btn"
        onClick={[Function]}
        style={
          Object {
            "backgroundColor": "grey",
            "border": "none",
            "borderRadius": "4px",
            "color": "rgb(240, 240, 240)",
            "cursor": "pointer",
            "fontSize": "0.91rem",
            "padding": "10px 15px",
          }
        }
        type="button"
      >
        Join Mission
      </button>
    </div>
  </div>
</div>
`;

exports[`test snapshots for all components renders single rocket correctly 1`] = `
<article
  className="rocket-card"
>
  <div
    className="img-box"
  >
    <img
      alt="rocket"
    />
  </div>
  <div
    className="text-box"
  >
    <h2 />
    <p>
       
    </p>
    <button
      onClick={[Function]}
      style={
        Object {
          "transition": "all 0.3s",
        }
      }
      type="button"
    >
      Reserve Rocket
    </button>
  </div>
</article>
`;
